# This file contains error messages which are shown to user, when http/https
# login is used.
# These messages can be changed to make user interface more friendly, including
# translations to different languages.
#
# Various variables can be used here as well. Most frequently used ones are:
#	$(error-orig)	- original error message from hotspot
#	$(ip)		- ip address of a client
#	$(username)	- username of client trying to log in

# internal-error
# It should never happen. If it will, error page will be shown
# displaying this error message (error-orig will describe what has happened)

internal-error = error internal ($(error-orig))

# config-error
# Should never happen if hotspot is configured properly.

config-error = error configuration ($(error-orig))

# not-logged-in
# Will happen, if status or logout page is requested by user,
# which actually is not logged in

not-logged-in = You're not logged in yet! (ip $(ip))

# ippool-empty
# IP address for user is to be assigned from ip pool, but there are no more
# addresses in that pool

ippool-empty = WiFi is currently busy, kindly wait for some time.

# shutting-down
# When shutdown is executed, new clients are not accepted

shutting-down = WiFi is currently shutting down.

# user-session-limit
# If user profile has limit of shared-users, then this error will be shown
# after reaching this limit

user-session-limit = $(username) is currently active or in use.

# license-session-limit
# Depending on licence number of active hotspot clients is limited to
# one or another amount. If this limit is reached, following error is displayed.

license-session-limit = Your session is now expired. Want to try weekly or monthly subscription? Talk to us now! ($(error-orig))

# wrong-mac-username
# If username looks like MAC address (12:34:56:78:9a:bc), but is not
# a MAC address of this client, login is rejected

wrong-mac-username = Your MAC addresss is not valid.

# chap-missing
# If http-chap login method is used, but hotspot program does not receive
# back encrypted password, this error message is shown.
# Possible reasons of failure:
#	- JavaScript is not enabled in web browser;
#	- login.html page is not valid;
#	- challenge value has expired on server (more than 1h of inactivity);
#	- http-chap login method is recently removed;
# If JavaScript is enabled and login.html page is valid,
# then retrying to login usually fixes this problem.

chap-missing = Your web browser did not send challenge response. Try again, also try to enable JavaScript.

# invalid-username
# Most general case of invalid username or password. If RADIUS server
# has sent an error string with Access-Reject message, then it will
# override this setting.

invalid-username = Your voucher or username and password combination is not incorrect.

# invalid-mac
# Local users (on hotspot server) can be bound to some MAC address. If login
# from different MAC is tried, this error message will be shown.

invalid-mac = Your device is different from the previous login. WiFi credential can't be shared through devices.

# uptime-limit, traffic-limit
# For local hotspot users in case if limits are reached

uptime-limit = Your time limit is now reached. Want to try weekly or monthly subscription? Talk to us now!
traffic-limit = Your data limit is now reached. Want to try weekly or monthly subscription? Talk to us now!

# radius-timeout
# User is authenticated by RADIUS server, but no response is received from it,
# following error will be shown.

radius-timeout = WiFi did not respond as it should be. Report this issue.

# auth-in-progress
# Authorization in progress. Client already has issued an authorization request
# which is not yet complete.

auth-in-progress = Login in progress... Please try again later.

# radius-reply
# Radius server returned some custom error message

radius-reply = $(error-orig)
